// Jest Snapshot v1, https://goo.gl/fbAQLP

exports[`tre Reporting APIs CSV Generation from SearchSource non-timebased With filters and non-timebased data 1`] = `
"name,power
"
`;
